       0 tests/inputs/empty.txt
      48 tests/inputs/fox.txt
     155 tests/inputs/atlamal.txt
     203 total
