       0 tests/inputs/empty.txt
      48 tests/inputs/fox.txt
     173 tests/inputs/atlamal.txt
     221 total
