       4      29     173 tests/inputs/atlamal.txt
