       4      29     155 tests/inputs/atlamal.txt
